[     768ms] TypeError: Cannot read properties of undefined (reading 'beijing')
    at calcInsurance (http://localhost:8323/calc.js:41:24)
    at Object.calcYear (http://localhost:8323/calc.js:129:17)
    at render (http://localhost:8323/app.js:84:20)
    at http://localhost:8323/app.js:263:3
    at http://localhost:8323/app.js:264:3
[   51857ms] TypeError: Cannot read properties of undefined (reading 'shanghai')
    at calcInsurance (http://localhost:8323/calc.js:41:24)
    at Object.calcYear (http://localhost:8323/calc.js:129:17)
    at HTMLElement.render (http://localhost:8323/app.js:84:20)
[   51865ms] TypeError: Cannot read properties of undefined (reading 'shanghai')
    at calcInsurance (http://localhost:8323/calc.js:41:24)
    at Object.calcYear (http://localhost:8323/calc.js:129:17)
    at render (http://localhost:8323/app.js:84:20)
    at HTMLSelectElement.<anonymous> (http://localhost:8323/app.js:255:5)
[   51866ms] TypeError: Cannot read properties of undefined (reading 'shanghai')
    at calcInsurance (http://localhost:8323/calc.js:41:24)
    at Object.calcYear (http://localhost:8323/calc.js:129:17)
    at HTMLElement.render (http://localhost:8323/app.js:84:20)
[   83513ms] TypeError: Cannot read properties of undefined (reading 'shanghai')
    at calcInsurance (http://localhost:8323/calc.js:41:24)
    at Object.calcYear (http://localhost:8323/calc.js:129:17)
    at HTMLElement.render (http://localhost:8323/app.js:84:20)
[   83647ms] TypeError: Cannot read properties of undefined (reading 'shanghai')
    at calcInsurance (http://localhost:8323/calc.js:41:24)
    at Object.calcYear (http://localhost:8323/calc.js:129:17)
    at HTMLElement.render (http://localhost:8323/app.js:84:20)
[   84614ms] TypeError: Cannot read properties of undefined (reading 'shanghai')
    at calcInsurance (http://localhost:8323/calc.js:41:24)
    at calcYear (http://localhost:8323/calc.js:129:17)
    at Object.reverseSalary (http://localhost:8323/calc.js:203:31)
    at $.onclick (http://localhost:8323/app.js:199:22)
[  115000ms] TypeError: Cannot read properties of undefined (reading 'shenzhen')
    at calcInsurance (http://localhost:8323/calc.js:41:24)
    at Object.calcYear (http://localhost:8323/calc.js:129:17)
    at HTMLElement.render (http://localhost:8323/app.js:84:20)
[  115001ms] TypeError: Cannot read properties of undefined (reading 'shenzhen')
    at calcInsurance (http://localhost:8323/calc.js:41:24)
    at Object.calcYear (http://localhost:8323/calc.js:129:17)
    at render (http://localhost:8323/app.js:84:20)
    at HTMLSelectElement.<anonymous> (http://localhost:8323/app.js:255:5)
[  115001ms] TypeError: Cannot read properties of undefined (reading 'shenzhen')
    at calcInsurance (http://localhost:8323/calc.js:41:24)
    at Object.calcYear (http://localhost:8323/calc.js:129:17)
    at HTMLElement.render (http://localhost:8323/app.js:84:20)
